MPLINK 4.46, Linker
Linker Error Map File - Created Sat Jun 22 00:13:10 2013

*Warning* - This is only a partial map file due to a link time error.
   Only sections which were allocated prior to the error are shown below.

CODEPAGES:
    Memory      Start        End              Section    Address Size(Bytes)
 ---------  ---------  ---------            ---------  ---------  ---------
      page     0x0000     0x7fff           _entry_scn     0x0000     0x0006
                                       .code___init.o     0x0006     0x0002
                                          high_vector     0x0008     0x0006
                                      .code_adcbusy.o     0x000e     0x000a
                                           low_vector     0x0018     0x0006
                                               .cinit     0x001e     0x000e
                                         .code_main.o     0x002c     0x023a
                                           _cinit_scn     0x0266     0x009e
                                        .code_uopen.o     0x0304     0x008a
                                        .code_uputs.o     0x038e     0x004c
                                      .code_t0write.o     0x03da     0x0038
                                       .code_t0open.o     0x0412     0x0038
                                       .code_uwrite.o     0x044a     0x002e
                                                .code     0x0478     0x0020
                                         _startup_scn     0x0498     0x001c
                                      .code_adcread.o     0x04b4     0x0012
                                      .code_adcconv.o     0x04c6     0x0004
                                         .stringtable     0x04ca     0x0000
                                    .romdata_uwrite.o     0x04ca     0x0000
                                     .romdata_uputs.o     0x04ca     0x0000
                                     .romdata_uopen.o     0x04ca     0x0000
                                     .romdata_udefs.o     0x04ca     0x0000
                                   .romdata_t0write.o     0x04ca     0x0000
                                    .romdata_t0open.o     0x04ca     0x0000
                                      .romdata_main.o     0x04ca     0x0000
                                     .romdata_c018i.o     0x04ca     0x0000
                                   .romdata_adcread.o     0x04ca     0x0000
                                   .romdata_adcconv.o     0x04ca     0x0000
                                   .romdata_adcbusy.o     0x04ca     0x0000
                                    .romdata___init.o     0x04ca     0x0000
                                    .idata_uwrite.o_i     0x04ca     0x0000
                                     .idata_uputs.o_i     0x04ca     0x0000
                                     .idata_uopen.o_i     0x04ca     0x0000
                                     .idata_udefs.o_i     0x04ca     0x0000
                                   .idata_t0write.o_i     0x04ca     0x0000
                                    .idata_t0open.o_i     0x04ca     0x0000
                                      .idata_main.o_i     0x04ca     0x0002
                                     .idata_c018i.o_i     0x04cc     0x0000
                                   .idata_adcread.o_i     0x04cc     0x0000
                                    .idata___init.o_i     0x04cc     0x0000
                                   .idata_adcconv.o_i     0x04cc     0x0000
                                        .code_udefs.o     0x04cc     0x0000
                                        .code_c018i.o     0x04cc     0x0000
                                   .idata_adcbusy.o_i     0x04cc     0x0000

    idlocs     0x0000     0x0007                                           

    config     0x0000     0x000d                                           

     devid     0xfffe     0xffff                                           

    eedata     0x0000     0x00ff                                           


SHAREBANKS:

DATABANKS:
    Memory      Start        End              Section    Address Size(Bytes)
 ---------  ---------  ---------            ---------  ---------  ---------
      gpr0     0x0060     0x00ff       .udata_c018i.o     0x0060     0x000a
                                        .udata_main.o     0x006a     0x0002
                                        .idata_main.o     0x006c     0x0002
                                       .udata_udefs.o     0x006e     0x0001
                                      .udata_uwrite.o     0x006f     0x0000
                                       .udata_uputs.o     0x006f     0x0000
                                       .udata_uopen.o     0x006f     0x0000
                                     .udata_t0write.o     0x006f     0x0000
                                      .udata_t0open.o     0x006f     0x0000
                                     .udata_adcread.o     0x006f     0x0000
                                     .udata_adcconv.o     0x006f     0x0000
                                     .udata_adcbusy.o     0x006f     0x0000
                                      .udata___init.o     0x006f     0x0000
                                      .idata_uwrite.o     0x006f     0x0000
                                       .idata_uputs.o     0x006f     0x0000
                                       .idata_uopen.o     0x006f     0x0000
                                       .idata_udefs.o     0x006f     0x0000
                                     .idata_t0write.o     0x006f     0x0000
                                      .idata_t0open.o     0x006f     0x0000
                                       .idata_c018i.o     0x006f     0x0000
                                     .idata_adcread.o     0x006f     0x0000
                                     .idata_adcconv.o     0x006f     0x0000
                                     .idata_adcbusy.o     0x006f     0x0000
                                      .idata___init.o     0x006f     0x0000

      gpr1     0x0100     0x01ff                                           

      gpr2     0x0200     0x02ff                                           

      gpr3     0x0300     0x03ff                                           

      gpr4     0x0400     0x04ff                                           

      gpr5     0x0500     0x05ff               .stack     0x0500     0x0100

     sfr13     0x0d00     0x0dff          SFR_BANKED0     0x0d60     0x000c
                                          SFR_BANKED1     0x0d70     0x000c
                                          SFR_BANKED2     0x0d80     0x000c
                                          SFR_BANKED3     0x0d90     0x0004
                                          SFR_BANKED4     0x0dd4     0x0002
                                          SFR_BANKED5     0x0dd8     0x0001
                                          SFR_BANKED6     0x0de0     0x0008
                                          SFR_BANKED7     0x0df0     0x0004
                                          SFR_BANKED8     0x0df8     0x0001
                                          SFR_BANKED9     0x0dfa     0x0001
                                         SFR_BANKED10     0x0dfc     0x0001

     sfr14     0x0e00     0x0eff         SFR_BANKED11     0x0e20     0x0060

     sfr15     0x0f00     0x0f5f         SFR_BANKED12     0x0f00     0x0060


ACCESSBANKS:
    Memory      Start        End              Section    Address Size(Bytes)
 ---------  ---------  ---------            ---------  ---------  ---------
 accessram     0x0000     0x005f             .tmpdata     0x0000     0x0004
                                            MATH_DATA     0x0004     0x0002

 accesssfr     0x0f60     0x0fff        SFR_UNBANKED0     0x0f60     0x0018
                                        SFR_UNBANKED1     0x0f80     0x0080


